Samples: 35 | B=1223 F=124 V=4606 features
Total MaAsLin2 jobs: 105 (35 folds x 3 kingdoms)
done  B_fold01.tsv (1169 feats)
done  F_fold01.tsv (115 feats)
done  V_fold01.tsv (4192 feats)
done  B_fold02.tsv (1164 feats)
done  F_fold02.tsv (118 feats)
done  V_fold02.tsv (4175 feats)
done  B_fold03.tsv (1170 feats)
done  F_fold03.tsv (117 feats)
done  V_fold03.tsv (4191 feats)
done  B_fold04.tsv (1164 feats)
done  F_fold04.tsv (118 feats)
done  V_fold04.tsv (4163 feats)
done  B_fold05.tsv (1161 feats)
done  F_fold05.tsv (118 feats)
done  V_fold05.tsv (4128 feats)
done  B_fold06.tsv (1167 feats)
done  F_fold06.tsv (117 feats)
done  V_fold06.tsv (4169 feats)
done  B_fold07.tsv (1168 feats)
done  F_fold07.tsv (118 feats)
done  V_fold07.tsv (4184 feats)
done  B_fold08.tsv (1159 feats)
done  F_fold08.tsv (118 feats)
done  V_fold08.tsv (4134 feats)
done  B_fold09.tsv (1167 feats)
done  F_fold09.tsv (115 feats)
done  V_fold09.tsv (4163 feats)
done  B_fold10.tsv (1170 feats)
done  F_fold10.tsv (117 feats)
done  V_fold10.tsv (4178 feats)
done  B_fold11.tsv (1162 feats)
done  F_fold11.tsv (118 feats)
done  V_fold11.tsv (4119 feats)
done  B_fold12.tsv (1155 feats)
done  F_fold12.tsv (118 feats)
done  V_fold12.tsv (4158 feats)
done  B_fold13.tsv (1170 feats)
done  F_fold13.tsv (116 feats)
done  V_fold13.tsv (4183 feats)
done  B_fold14.tsv (1161 feats)
done  F_fold14.tsv (113 feats)
done  V_fold14.tsv (4140 feats)
done  B_fold15.tsv (1167 feats)
done  F_fold15.tsv (117 feats)
done  V_fold15.tsv (4174 feats)
done  B_fold16.tsv (1165 feats)
done  F_fold16.tsv (118 feats)
done  V_fold16.tsv (4150 feats)
done  B_fold17.tsv (1165 feats)
done  F_fold17.tsv (118 feats)
done  V_fold17.tsv (4164 feats)
done  B_fold18.tsv (1162 feats)
done  F_fold18.tsv (117 feats)
done  V_fold18.tsv (4162 feats)
done  B_fold19.tsv (1166 feats)
done  F_fold19.tsv (117 feats)
done  V_fold19.tsv (4176 feats)
done  B_fold20.tsv (1167 feats)
done  F_fold20.tsv (118 feats)
done  V_fold20.tsv (4178 feats)
done  B_fold21.tsv (1165 feats)
done  F_fold21.tsv (118 feats)
done  V_fold21.tsv (4187 feats)
done  B_fold22.tsv (1169 feats)
done  F_fold22.tsv (117 feats)
done  V_fold22.tsv (4153 feats)
done  B_fold23.tsv (1166 feats)
done  F_fold23.tsv (117 feats)
done  V_fold23.tsv (4171 feats)
done  B_fold24.tsv (1166 feats)
done  F_fold24.tsv (118 feats)
done  V_fold24.tsv (4153 feats)
done  B_fold25.tsv (1169 feats)
done  F_fold25.tsv (117 feats)
done  V_fold25.tsv (4168 feats)
done  B_fold26.tsv (1168 feats)
done  F_fold26.tsv (118 feats)
done  V_fold26.tsv (4174 feats)
done  B_fold27.tsv (1168 feats)
done  F_fold27.tsv (118 feats)
done  V_fold27.tsv (4167 feats)
done  B_fold28.tsv (1169 feats)
done  F_fold28.tsv (117 feats)
done  V_fold28.tsv (4186 feats)
done  B_fold29.tsv (1161 feats)
done  F_fold29.tsv (118 feats)
done  V_fold29.tsv (4157 feats)
done  B_fold30.tsv (1158 feats)
done  F_fold30.tsv (118 feats)
done  V_fold30.tsv (4113 feats)
done  B_fold31.tsv (1169 feats)
done  F_fold31.tsv (115 feats)
done  V_fold31.tsv (4197 feats)
done  B_fold32.tsv (1163 feats)
done  F_fold32.tsv (118 feats)
done  V_fold32.tsv (4172 feats)
done  B_fold33.tsv (1167 feats)
done  F_fold33.tsv (116 feats)
done  V_fold33.tsv (4148 feats)
done  B_fold34.tsv (1169 feats)
done  F_fold34.tsv (118 feats)
done  V_fold34.tsv (4196 feats)
done  B_fold35.tsv (1167 feats)
done  F_fold35.tsv (118 feats)
done  V_fold35.tsv (4188 feats)

Elapsed: 0.5 min
Errors: 0 / 105
